// Jest Snapshot v1, https://goo.gl/fbAQLP

exports[`Book component it should render the Book component correctly 1`] = `
<div
  className="card"
>
  <div
    className="card-body"
  >
    <div
      className="columns"
    >
      <div
        className="book-info"
      >
        <h4
          className="genre"
        >
          History
        </h4>
        <h3
          className="title"
        >
          Antiquities of the Jews
        </h3>
        <p>
          by:Â 
        </p>
        <div
          className="action"
        >
          <button
            className="btn btn-link"
            onClick={[Function]}
            type="button"
          >
            Remove
          </button>
        </div>
      </div>
      <div
        className="progress"
      >
        <Progress
          currentPage={NaN}
          pages={NaN}
        />
      </div>
      <div
        className="chapter-info"
      >
        <CurrentChapter
          currentPage="undefined"
        />
        <ConnectFunction />
      </div>
    </div>
  </div>
</div>
`;
