// Jest Snapshot v1, https://goo.gl/fbAQLP

exports[`EditUserPage component should render correctly 1`] = `
<div>
  <h2>
    Edit Account
  </h2>
  <ConnectFunction />
</div>
`;
