// Jest Snapshot v1, https://goo.gl/fbAQLP

exports[`ProgressUpdateModal component should render correctly 1`] = `
<Modal
  ariaHideApp={false}
  bodyOpenClassName="ReactModal__Body--open"
  closeTimeoutMS={200}
  isOpen={false}
  onRequestClose={[Function]}
  parentSelector={[Function]}
  portalClassName="ReactModalPortal"
  role="dialog"
  shouldCloseOnEsc={true}
  shouldCloseOnOverlayClick={true}
  shouldFocusAfterRender={true}
  shouldReturnFocusAfterClose={true}
>
  <div
    className="modal-controls"
  >
    <button
      className="cancel-btn"
      onClick={[Function]}
      type="button"
    >
      X
    </button>
  </div>
  <div
    className="modal-body"
  >
    <ConnectFunction
      authors={
        Array [
          "Roddenberry",
        ]
      }
      book_id="2"
      category="Sci-Fi"
      chapters="30"
      currentChapter=""
      description="Nostrud aliquip velit eu ea amet qui exercitation anim mollit do minim commodo pariatur."
      id="2"
      imageLinks={
        Object {
          "smallThumbnail": "",
        }
      }
      item_id="two"
      pagesArray={Array []}
      title="Star Trek"
    />
  </div>
</Modal>
`;
