// Jest Snapshot v1, https://goo.gl/fbAQLP

exports[`UserDashboard component should render correctly 1`] = `
<div
  id="app"
>
  <div
    id="container"
  >
    <CollectionItemFormModal
      addBookMode={false}
      switchAddBookMode={[Function]}
    />
    <ConnectFunction />
  </div>
</div>
`;
