// Jest Snapshot v1, https://goo.gl/fbAQLP

exports[`BooksForm it should render correctly 1`] = `
<div>
  <h2
    className="add-new-title"
  >
    Add new book
  </h2>
  <form
    className="form"
    onSubmit={[Function]}
  >
    <input
      className="form-input"
      onChange={[Function]}
      type="text"
      value=""
    />
    <select
      className="form-select"
      onChange={[Function]}
      value="Select Category"
    >
      <option
        key="Select Category"
        value="Select Category"
      >
        Select Category
      </option>
      <option
        key="Action"
        value="Action"
      >
        Action
      </option>
      <option
        key="Biography"
        value="Biography"
      >
        Biography
      </option>
      <option
        key="History"
        value="History"
      >
        History
      </option>
      <option
        key="Horror"
        value="Horror"
      >
        Horror
      </option>
      <option
        key="Kids"
        value="Kids"
      >
        Kids
      </option>
      <option
        key="Learning"
        value="Learning"
      >
        Learning
      </option>
      <option
        key="Sci-Fi"
        value="Sci-Fi"
      >
        Sci-Fi
      </option>
    </select>
    <button
      className="add-book-btn"
      type="submit"
    >
      Add Book
    </button>
  </form>
</div>
`;
